Microchip MPLAB XC8 Compiler V3.10

Linker command line:

-W-3 \
  --edf=C:\Program Files\Microchip\xc8\v3.10\pic\dat\20250813170317_en.msgs \
  -cn -h+dist/default/production\BAI1_SPI.X.production.sym \
  --cmf=dist/default/production\BAI1_SPI.X.production.cmf -z -Q16F887 \
  -oC:\Users\Admin\AppData\Local\Temp\xcAs58g.0\driver_tmp_3.o \
  --defsym=__MPLAB_BUILD=1 --fixupoverflow=error \
  -Mdist/default/production/BAI1_SPI.X.production.map \
  --md=C:\Users\Admin\AppData\Local\Temp\xcAs58g.0\driver_tmp_0.dat -E1 \
  -ver=XC8 Compiler -ACODE=00h-07FFhx4 -ASTRCODE=00h-01FFFh \
  -ASTRING=00h-0FFhx32 -ACONST=00h-0FFhx32 -AENTRY=00h-0FFhx32 \
  -ACOMMON=070h-07Fh -ABANK0=020h-06Fh -ABANK1=0A0h-0EFh \
  -ABANK2=0110h-016Fh -ABANK3=0190h-01EFh \
  -ARAM=020h-06Fh,0A0h-0EFh,0110h-016Fh,0190h-01EFh \
  -AABS1=020h-07Fh,0A0h-0EFh,0110h-016Fh,0190h-01EFh -ASFR0=00h-01Fh \
  -ASFR1=080h-09Fh -ASFR2=0100h-010Fh -ASFR3=0180h-018Fh \
  -ACONFIG=02007h-02008h -DCONFIG=2 -AIDLOC=02000h-02003h -DIDLOC=2 \
  -AEEDATA=00h-0FFh/02100h -peeprom_data=EEDATA -DEEDATA=2 -DCODE=2 \
  -DSTRCODE=2 -DSTRING=2 -DCONST=2 -DENTRY=2 \
  -preset_vec=00h,intentry,sivt,init,end_init -ppowerup=CODE -pcinit=CODE \
  -pfunctab=ENTRY -k \
  C:\Users\Admin\AppData\Local\Temp\xcAs58g.0\driver_tmp_17.o \
  dist/default/production\BAI1_SPI.X.production.o 

Object code version is 3.11

Machine type is 16F887



                Name                               Link     Load   Length Selector   Space Scale
C:\Users\Admin\AppData\Local\Temp\xcAs58g.0\driver_tmp_17.o
                end_init                              0        0        3        0       0
                config                             2007     2007        1        0       4
dist/default/production\BAI1_SPI.X.production.o
                cinit                               7EC      7EC       14      FD8       0
                config                             2007     2007        1        0       4
                text15                              442      442        B      884       0
                text14                              481      481       17      902       0
                text13                              44D      44D        F      89A       0
                text12                              4D8      4D8       25      9B0       0
                text11                              498      498       1D      930       0
                text10                              46D      46D       14      8DA       0
                text9                               522      522       28      A44       0
                text8                               5A1      5A1       63      B42       0
                text7                               54A      54A       57      A94       0
                text6                               45C      45C       11      8B8       0
                text5                               439      439        1      872       0
                text4                               66C      66C       9A      CD8       0
                text3                               706      706       E6      E0C       0
                text2                               4FD      4FD       25      9FA       0
                text1                               4B5      4B5       23      96A       0
                maintext                            604      604       68      C08       0
                cstackBANK0                          20       20       46       20       1
                cstackCOMMON                         70       70        E       70       1
                clrtext                             43A      43A        8      874       0
                bssBANK1                             A0       A0       20       A0       1
                bssBANK0                             66       66        5       20       1
                strings                               3        3       82        6       0

TOTAL           Name                               Link     Load   Length     Space
        CLASS   CODE           
                end_init                              0        0        3         0
                cinit                               7EC      7EC       14         0
                text15                              442      442        B         0
                text14                              481      481       17         0
                text13                              44D      44D        F         0
                text12                              4D8      4D8       25         0
                text11                              498      498       1D         0
                text10                              46D      46D       14         0
                text9                               522      522       28         0
                text8                               5A1      5A1       63         0
                text7                               54A      54A       57         0
                text6                               45C      45C       11         0
                text5                               439      439        1         0
                text4                               66C      66C       9A         0
                text3                               706      706       E6         0
                text2                               4FD      4FD       25         0
                text1                               4B5      4B5       23         0
                maintext                            604      604       68         0
                clrtext                             43A      43A        8         0

        CLASS   STRCODE        

        CLASS   STRING         
                strings                               3        3       82         0

        CLASS   CONST          

        CLASS   ENTRY          

        CLASS   COMMON         
                cstackCOMMON                         70       70        E         1

        CLASS   BANK0          
                cstackBANK0                          20       20       46         1
                bssBANK0                             66       66        5         1

        CLASS   BANK1          
                bssBANK1                             A0       A0       20         1

        CLASS   BANK2          

        CLASS   BANK3          

        CLASS   RAM            

        CLASS   ABS1           
                abs_s1                               7E       7E        2         1

        CLASS   SFR0           

        CLASS   SFR1           

        CLASS   SFR2           

        CLASS   SFR3           

        CLASS   CONFIG         
                config                             2007     2007        1         4

        CLASS   IDLOC          

        CLASS   EEDATA         

        CLASS   HEAP           

        CLASS   STACK          



SEGMENTS        Name                           Load    Length   Top    Selector   Space  Class     Delta

                reset_vec                      000000  000003  000003         0       0  CODE        2
                strings                        000003  000082  000085         6       0  STRING      2
                cstackBANK0                    000020  00004B  00006B        20       1  BANK0       1
                cstackCOMMON                   000070  00000E  00007E        70       1  COMMON      1
                bssBANK1                       0000A0  000020  0000C0        A0       1  BANK1       1
                text5                          000439  000001  00043A       872       0  CODE        2
                clrtext                        00043A  000008  000442       874       0  CODE        2
                text15                         000442  00000B  00044D       884       0  CODE        2
                text13                         00044D  00000F  00045C       89A       0  CODE        2
                text6                          00045C  000011  00046D       8B8       0  CODE        2
                text10                         00046D  000014  000481       8DA       0  CODE        2
                text14                         000481  000017  000498       902       0  CODE        2
                text11                         000498  00001D  0004B5       930       0  CODE        2
                text1                          0004B5  000023  0004D8       96A       0  CODE        2
                text12                         0004D8  000025  0004FD       9B0       0  CODE        2
                text2                          0004FD  000025  000522       9FA       0  CODE        2
                text9                          000522  000028  00054A       A44       0  CODE        2
                text7                          00054A  000057  0005A1       A94       0  CODE        2
                text8                          0005A1  000063  000604       B42       0  CODE        2
                maintext                       000604  000068  00066C       C08       0  CODE        2
                text4                          00066C  00009A  000706       CD8       0  CODE        2
                text3                          000706  0000E6  0007EC       E0C       0  CODE        2
                cinit                          0007EC  000014  000800       FD8       0  CODE        2


UNUSED ADDRESS RANGES

        Name                Unused          Largest block    Delta
        BANK0            006B-006F              5           1
        BANK1            00C0-00EF             30           1
        BANK2            0110-016F             60           1
        BANK3            0190-01EF             60           1
        CODE             0085-0438            3B4           2
                         0800-1FFF            800
        CONFIG           2008-2008              1           2
        CONST            0085-0438            100           2
                         0800-1FFF            100
        EEDATA           2100-21FF            100           2
        ENTRY            0085-0438            100           2
                         0800-1FFF            100
        IDLOC            2000-2003              4           2
        RAM              006B-006F              5           1
                         00C0-00EF             30
                         0110-016F             60
                         0190-01EF             60
        SFR0             0000-001F             20           1
        SFR1             0080-009F             20           1
        SFR2             0100-010F             10           1
        SFR3             0180-018F             10           1
        STRCODE          0085-0438            3B4           2
                         0800-1FFF           1800
        STRING           0085-0438            100           2
                         0800-1FFF            100

                                  Symbol Table

?___awdiv                cstackCOMMON 0070
?___awmod                cstackCOMMON 0070
?_abs                    cstackCOMMON 0076
?_sprintf                cstackBANK0  0031
?_vfprintf               cstackBANK0  002D
SPI_Transfer@data        cstackCOMMON 0070
TC72_ReadTemp@temp_val   cstackCOMMON 0072
UART_Init@baudrate       cstackCOMMON 0070
UART_Write_Text@text     cstackCOMMON 0070
_ANSEL                   (abs)        0188
_ANSELH                  (abs)        0189
_BAUDCTLbits             (abs)        0187
_OSCCONbits              (abs)        008F
_PORTA                   (abs)        0005
_PORTAbits               (abs)        0005
_RCSTAbits               (abs)        0018
_SPBRG                   (abs)        0099
_SPI_Init                text15       0442
_SPI_Transfer            text13       044D
_SSPBUF                  (abs)        0013
_SSPCON                  (abs)        0014
_SSPSTAT                 (abs)        0094
_SSPSTATbits             (abs)        0094
_System_Init             text14       0481
_TC72_Init               text12       04D8
_TC72_ReadTemp           text11       0498
_TRISA                   (abs)        0085
_TRISAbits               (abs)        0085
_TRISCbits               (abs)        0087
_TXREG                   (abs)        0019
_TXSTAbits               (abs)        0098
_UART_Init               text10       046D
_UART_Write_Text         text9        0522
__H__absolute__          __absolute__ 0000
__Habs1                  abs1         0000
__Hbank0                 bank0        0000
__Hbank1                 bank1        0000
__Hbank2                 bank2        0000
__Hbank3                 bank3        0000
__HbssBANK0              bssBANK0     0000
__HbssBANK1              bssBANK1     0000
__Hcinit                 cinit        0800
__Hclrtext               clrtext      0000
__Hcode                  code         0000
__Hcommon                common       0000
__Hconfig                config       2008
__HcstackBANK0           cstackBANK0  0000
__HcstackCOMMON          cstackCOMMON 0000
__Heeprom_data           eeprom_data  0000
__Hend_init              end_init     0003
__Hfunctab               functab      0000
__Hheap                  heap         0000
__Hinit                  init         0000
__Hintentry              intentry     0000
__Hmaintext              maintext     0000
__Hpowerup               powerup      0000
__Hram                   ram          0000
__Hreset_vec             reset_vec    0000
__Hsfr0                  sfr0         0000
__Hsfr1                  sfr1         0000
__Hsfr2                  sfr2         0000
__Hsfr3                  sfr3         0000
__Hsivt                  sivt         0000
__Hspace_0               (abs)        0800
__Hspace_1               (abs)        00C0
__Hspace_2               (abs)        0000
__Hspace_3               (abs)        0000
__Hspace_4               (abs)        400F
__Hstack                 stack        0000
__Hstrings               strings      0000
__Htext                  text         0000
__L__absolute__          __absolute__ 0000
__Labs1                  abs1         0000
__Lbank0                 bank0        0000
__Lbank1                 bank1        0000
__Lbank2                 bank2        0000
__Lbank3                 bank3        0000
__LbssBANK0              bssBANK0     0000
__LbssBANK1              bssBANK1     0000
__Lcinit                 cinit        07EC
__Lclrtext               clrtext      0000
__Lcode                  code         0000
__Lcommon                common       0000
__Lconfig                config       0000
__LcstackBANK0           cstackBANK0  0000
__LcstackCOMMON          cstackCOMMON 0000
__Leeprom_data           eeprom_data  0000
__Lend_init              end_init     0000
__Lfunctab               functab      0000
__Lheap                  heap         0000
__Linit                  init         0000
__Lintentry              intentry     0000
__Lmaintext              maintext     0000
__Lpowerup               powerup      0000
__Lram                   ram          0000
__Lreset_vec             reset_vec    0000
__Lsfr0                  sfr0         0000
__Lsfr1                  sfr1         0000
__Lsfr2                  sfr2         0000
__Lsfr3                  sfr3         0000
__Lsivt                  sivt         0000
__Lspace_0               (abs)        0000
__Lspace_1               (abs)        0000
__Lspace_2               (abs)        0000
__Lspace_3               (abs)        0000
__Lspace_4               (abs)        0000
__Lstack                 stack        0000
__Lstrings               strings      0000
__Ltext                  text         0000
__S0                     (abs)        0800
__S1                     (abs)        00C0
__S3                     (abs)        0000
___awdiv                 text8        05A1
___awdiv@counter         cstackCOMMON 0074
___awdiv@dividend        cstackCOMMON 0072
___awdiv@divisor         cstackCOMMON 0070
___awdiv@quotient        cstackCOMMON 0076
___awdiv@sign            cstackCOMMON 0075
___awmod                 text7        054A
___awmod@counter         cstackCOMMON 0074
___awmod@dividend        cstackCOMMON 0072
___awmod@divisor         cstackCOMMON 0070
___awmod@sign            cstackCOMMON 0075
___heap_hi               (abs)        0000
___heap_lo               (abs)        0000
___int_sp                stack        0000
___int_stack_hi          stack        0000
___int_stack_lo          stack        0000
___latbits               (abs)        0002
___sp                    stack        0000
___stack_hi              stack        0000
___stack_lo              stack        0000
___stackhi               (abs)        0000
___stacklo               (abs)        0000
__end_of_SPI_Init        text15       044D
__end_of_SPI_Transfer    text13       045C
__end_of_System_Init     text14       0498
__end_of_TC72_Init       text12       04FD
__end_of_TC72_ReadTemp   text11       04B5
__end_of_UART_Init       text10       0481
__end_of_UART_Write_Text text9        054A
__end_of___awdiv         text8        0604
__end_of___awmod         text7        05A1
__end_of__initialization cinit        07FC
__end_of__stringtab      strings      0013
__end_of_abs             text6        046D
__end_of_fputc           text4        0706
__end_of_main            maintext     066C
__end_of_putch           text5        043A
__end_of_sprintf         text1        04D8
__end_of_vfpfcnvrt       text3        07EC
__end_of_vfprintf        text2        0522
__initialization         cinit        07EC
__pbssBANK0              bssBANK0     0066
__pbssBANK1              bssBANK1     00A0
__pcstackBANK0           cstackBANK0  0020
__pcstackCOMMON          cstackCOMMON 0070
__pmaintext              maintext     0604
__pstrings               strings      0003
__ptext1                 text1        04B5
__ptext10                text10       046D
__ptext11                text11       0498
__ptext12                text12       04D8
__ptext13                text13       044D
__ptext14                text14       0481
__ptext15                text15       0442
__ptext2                 text2        04FD
__ptext3                 text3        0706
__ptext4                 text4        066C
__ptext5                 text5        0439
__ptext6                 text6        045C
__ptext7                 text7        054A
__ptext8                 text8        05A1
__ptext9                 text9        0522
__stringbase             strings      0012
__stringtab              strings      0003
_abs                     text6        045C
_dbuf                    bssBANK1     00A0
_flags                   bssBANK0     006A
_fputc                   text4        066C
_main                    maintext     0604
_prec                    bssBANK0     0068
_putch                   text5        0439
_sprintf                 text1        04B5
_vfpfcnvrt               text3        0706
_vfprintf                text2        04FD
_width                   bssBANK0     0066
abs@a                    cstackCOMMON 0076
btemp                    (abs)        007E
btemp0                   (abs)        007E
btemp1                   (abs)        007F
clear_ram0               clrtext      043A
end_of_initialization    cinit        07FC
fputc@c                  cstackCOMMON 0070
fputc@fp                 cstackCOMMON 0072
intlevel0                functab      0000
intlevel1                functab      0000
intlevel2                functab      0000
intlevel3                functab      0000
intlevel4                functab      0000
intlevel5                functab      0000
ltemp0a                  (abs)        0080
main@buffer              cstackBANK0  0045
main@temp                cstackBANK0  0065
reset_vec                reset_vec    0000
sprintf@ap               cstackBANK0  0036
sprintf@f                cstackBANK0  0037
sprintf@fmt              cstackBANK0  0032
sprintf@s                cstackBANK0  0031
start                    init         0000
start_initialization     cinit        07EC
ttemp0a                  (abs)        007F
vfpfcnvrt@ap             cstackBANK0  0023
vfpfcnvrt@c              cstackBANK0  002C
vfpfcnvrt@convarg        cstackBANK0  0028
vfpfcnvrt@cp             cstackBANK0  0027
vfpfcnvrt@done           cstackBANK0  0026
vfpfcnvrt@fmt            cstackBANK0  0022
vfpfcnvrt@fp             cstackBANK0  0020
vfprintf@ap              cstackBANK0  0030
vfprintf@cfmt            cstackCOMMON 007D
vfprintf@fmt             cstackBANK0  002F
vfprintf@fp              cstackBANK0  002D
wtemp0                   (abs)        007E
wtemp0a                  (abs)        007F


MODULE INFORMATION

Module		Function		Class		Link	Load	Size
C:\Program Files\Microchip\xc8\v3.10\pic\sources\c99\common\awmod.c
		___awmod       		CODE           	054A	0000	87

C:\Program Files\Microchip\xc8\v3.10\pic\sources\c99\common\awmod.c estimated size: 87

C:\Program Files\Microchip\xc8\v3.10\pic\sources\c99\common\putch.c
		_putch         		CODE           	0439	0000	1

C:\Program Files\Microchip\xc8\v3.10\pic\sources\c99\common\putch.c estimated size: 1

C:\Program Files\Microchip\xc8\v3.10\pic\sources\c99\common\abs.c
		_abs           		CODE           	045C	0000	17

C:\Program Files\Microchip\xc8\v3.10\pic\sources\c99\common\abs.c estimated size: 17

C:\Program Files\Microchip\xc8\v3.10\pic\sources\c99\common\awdiv.c
		___awdiv       		CODE           	05A1	0000	99

C:\Program Files\Microchip\xc8\v3.10\pic\sources\c99\common\awdiv.c estimated size: 99

C:\Program Files\Microchip\xc8\v3.10\pic\sources\c99\common\nf_sprintf.c
		_sprintf       		CODE           	04B5	0000	35

C:\Program Files\Microchip\xc8\v3.10\pic\sources\c99\common\nf_sprintf.c estimated size: 35

shared
		__stringtab    		STRING         	0003	0000	16
		__initialization		CODE           	07EC	0000	16

shared estimated size: 32

C:\Program Files\Microchip\xc8\v3.10\pic\sources\c99\common\nf_fputc.c
		_fputc         		CODE           	066C	0000	154

C:\Program Files\Microchip\xc8\v3.10\pic\sources\c99\common\nf_fputc.c estimated size: 154

C:\Program Files\Microchip\xc8\v3.10\pic\sources\c99\common\doprnt.c
		_vfpfcnvrt     		CODE           	0706	0000	230
		_vfprintf      		CODE           	04FD	0000	37

C:\Program Files\Microchip\xc8\v3.10\pic\sources\c99\common\doprnt.c estimated size: 267

main.c
		_TC72_Init     		CODE           	04D8	0000	37
		_TC72_ReadTemp 		CODE           	0498	0000	29
		_UART_Init     		CODE           	046D	0000	20
		_main          		CODE           	0604	0000	104
		_UART_Write_Text		CODE           	0522	0000	40
		_SPI_Transfer  		CODE           	044D	0000	15
		_SPI_Init      		CODE           	0442	0000	11
		_System_Init   		CODE           	0481	0000	23

main.c estimated size: 279

