Microchip MPLAB XC8 Compiler V3.10

Linker command line:

-W-3 \
  --edf=C:\Program Files\Microchip\xc8\v3.10\pic\dat\20250813170317_en.msgs \
  -cn -h+dist/default/production\BAI2_I2C.X.production.sym \
  --cmf=dist/default/production\BAI2_I2C.X.production.cmf -z -Q16F887 \
  -oC:\Users\Admin\AppData\Local\Temp\xcAs3oo.0\driver_tmp_3.o \
  --defsym=__MPLAB_BUILD=1 --fixupoverflow=error \
  -Mdist/default/production/BAI2_I2C.X.production.map \
  --md=C:\Users\Admin\AppData\Local\Temp\xcAs3oo.0\driver_tmp_0.dat -E1 \
  -ver=XC8 Compiler -ACODE=00h-07FFhx4 -ASTRCODE=00h-01FFFh \
  -ASTRING=00h-0FFhx32 -ACONST=00h-0FFhx32 -AENTRY=00h-0FFhx32 \
  -ACOMMON=070h-07Fh -ABANK0=020h-06Fh -ABANK1=0A0h-0EFh \
  -ABANK2=0110h-016Fh -ABANK3=0190h-01EFh \
  -ARAM=020h-06Fh,0A0h-0EFh,0110h-016Fh,0190h-01EFh \
  -AABS1=020h-07Fh,0A0h-0EFh,0110h-016Fh,0190h-01EFh -ASFR0=00h-01Fh \
  -ASFR1=080h-09Fh -ASFR2=0100h-010Fh -ASFR3=0180h-018Fh \
  -ACONFIG=02007h-02008h -DCONFIG=2 -AIDLOC=02000h-02003h -DIDLOC=2 \
  -AEEDATA=00h-0FFh/02100h -peeprom_data=EEDATA -DEEDATA=2 -DCODE=2 \
  -DSTRCODE=2 -DSTRING=2 -DCONST=2 -DENTRY=2 \
  -preset_vec=00h,intentry,sivt,init,end_init -ppowerup=CODE -pcinit=CODE \
  -pfunctab=ENTRY -k \
  C:\Users\Admin\AppData\Local\Temp\xcAs3oo.0\driver_tmp_12.o \
  dist/default/production\BAI2_I2C.X.production.o 

Object code version is 3.11

Machine type is 16F887



                Name                               Link     Load   Length Selector   Space Scale
C:\Users\Admin\AppData\Local\Temp\xcAs3oo.0\driver_tmp_12.o
                end_init                              0        0        3        0       0
                config                             2007     2007        1        0       4
dist/default/production\BAI2_I2C.X.production.o
                cinit                               7FC      7FC        4      FF8       0
                config                             2007     2007        1        0       4
                text10                              71C      71C        F      E38       0
                text9                               6F7      6F7        8      DEE       0
                text8                               6FF      6FF        9      DFE       0
                text7                               708      708        9      E10       0
                text6                               711      711        B      E22       0
                text5                               77A      77A       27      EF4       0
                text4                               72B      72B       11      E56       0
                text3                               7A1      7A1       27      F42       0
                text2                               73C      73C       1E      E78       0
                text1                               75A      75A       20      EB4       0
                maintext                            7C8      7C8       34      F90       0
                cstackCOMMON                         70       70        A       70       1
                strings                               3        3       1C        6       0

TOTAL           Name                               Link     Load   Length     Space
        CLASS   CODE           
                end_init                              0        0        3         0
                cinit                               7FC      7FC        4         0
                text10                              71C      71C        F         0
                text9                               6F7      6F7        8         0
                text8                               6FF      6FF        9         0
                text7                               708      708        9         0
                text6                               711      711        B         0
                text5                               77A      77A       27         0
                text4                               72B      72B       11         0
                text3                               7A1      7A1       27         0
                text2                               73C      73C       1E         0
                text1                               75A      75A       20         0
                maintext                            7C8      7C8       34         0

        CLASS   STRCODE        

        CLASS   STRING         
                strings                               3        3       1C         0

        CLASS   CONST          

        CLASS   ENTRY          

        CLASS   COMMON         
                cstackCOMMON                         70       70        A         1

        CLASS   BANK0          

        CLASS   BANK1          

        CLASS   BANK2          

        CLASS   BANK3          

        CLASS   RAM            

        CLASS   ABS1           
                abs_s1                               7E       7E        2         1

        CLASS   SFR0           

        CLASS   SFR1           

        CLASS   SFR2           

        CLASS   SFR3           

        CLASS   CONFIG         
                config                             2007     2007        1         4

        CLASS   IDLOC          

        CLASS   EEDATA         

        CLASS   HEAP           

        CLASS   STACK          



SEGMENTS        Name                           Load    Length   Top    Selector   Space  Class     Delta

                reset_vec                      000000  000003  000003         0       0  CODE        2
                strings                        000003  00001C  00001F         6       0  STRING      2
                cstackCOMMON                   000070  00000A  00007A        70       1  COMMON      1
                text9                          0006F7  000008  0006FF       DEE       0  CODE        2
                text8                          0006FF  000009  000708       DFE       0  CODE        2
                text7                          000708  000009  000711       E10       0  CODE        2
                text6                          000711  00000B  00071C       E22       0  CODE        2
                text10                         00071C  00000F  00072B       E38       0  CODE        2
                text4                          00072B  000011  00073C       E56       0  CODE        2
                text2                          00073C  00001E  00075A       E78       0  CODE        2
                text1                          00075A  000020  00077A       EB4       0  CODE        2
                text5                          00077A  000027  0007A1       EF4       0  CODE        2
                text3                          0007A1  000027  0007C8       F42       0  CODE        2
                maintext                       0007C8  000034  0007FC       F90       0  CODE        2
                cinit                          0007FC  000004  000800       FF8       0  CODE        2


UNUSED ADDRESS RANGES

        Name                Unused          Largest block    Delta
        BANK0            0020-006F             50           1
        BANK1            00A0-00EF             50           1
        BANK2            0110-016F             60           1
        BANK3            0190-01EF             60           1
        CODE             001F-06F6            6D8           2
                         0800-1FFF            800
        COMMON           007A-007D              4           1
        CONFIG           2008-2008              1           2
        CONST            001F-06F6            100           2
                         0800-1FFF            100
        EEDATA           2100-21FF            100           2
        ENTRY            001F-06F6            100           2
                         0800-1FFF            100
        IDLOC            2000-2003              4           2
        RAM              0020-006F             50           1
                         00A0-00EF             50
                         0110-016F             60
                         0190-01EF             60
        SFR0             0000-001F             20           1
        SFR1             0080-009F             20           1
        SFR2             0100-010F             10           1
        SFR3             0180-018F             10           1
        STRCODE          001F-06F6            6D8           2
                         0800-1FFF           1800
        STRING           001F-06F6            100           2
                         0800-1FFF            100

                                  Symbol Table

I2C_Write_Byte@data      cstackCOMMON 0070
LCD_Print@str            cstackCOMMON 0075
LCD_SetCursor@cmd        cstackCOMMON 0079
LCD_SetCursor@col        cstackCOMMON 0075
LCD_SetCursor@row        cstackCOMMON 0076
LCD_Write@mode           cstackCOMMON 0074
LCD_Write@value          cstackCOMMON 0071
_ANSEL                   (abs)        0188
_ANSELH                  (abs)        0189
_I2C_Master_Init         text10       071C
_I2C_Start               text8        06FF
_I2C_Stop                text7        0708
_I2C_Wait                text9        06F7
_I2C_Write_Byte          text6        0711
_LCD_Clear               text4        072B
_LCD_Init                text3        07A1
_LCD_Print               text2        073C
_LCD_SetCursor           text1        075A
_LCD_SetCursor$142       cstackCOMMON 0077
_LCD_Write               text5        077A
_OSCCON                  (abs)        008F
_PIR1bits                (abs)        000C
_SSPADD                  (abs)        0093
_SSPBUF                  (abs)        0013
_SSPCON                  (abs)        0014
_SSPCON2bits             (abs)        0091
_SSPSTAT                 (abs)        0094
_TRISC3                  (abs)        043B
_TRISC4                  (abs)        043C
__H__absolute__          __absolute__ 0000
__Habs1                  abs1         0000
__Hbank0                 bank0        0000
__Hbank1                 bank1        0000
__Hbank2                 bank2        0000
__Hbank3                 bank3        0000
__Hcinit                 cinit        0800
__Hclrtext               clrtext      0000
__Hcode                  code         0000
__Hcommon                common       0000
__Hconfig                config       2008
__HcstackCOMMON          cstackCOMMON 0000
__Heeprom_data           eeprom_data  0000
__Hend_init              end_init     0003
__Hfunctab               functab      0000
__Hheap                  heap         0000
__Hinit                  init         0000
__Hintentry              intentry     0000
__Hmaintext              maintext     0000
__Hpowerup               powerup      0000
__Hram                   ram          0000
__Hreset_vec             reset_vec    0000
__Hsfr0                  sfr0         0000
__Hsfr1                  sfr1         0000
__Hsfr2                  sfr2         0000
__Hsfr3                  sfr3         0000
__Hsivt                  sivt         0000
__Hspace_0               (abs)        0800
__Hspace_1               (abs)        007A
__Hspace_2               (abs)        0000
__Hspace_3               (abs)        0000
__Hspace_4               (abs)        400F
__Hstack                 stack        0000
__Hstrings               strings      0000
__Htext                  text         0000
__L__absolute__          __absolute__ 0000
__Labs1                  abs1         0000
__Lbank0                 bank0        0000
__Lbank1                 bank1        0000
__Lbank2                 bank2        0000
__Lbank3                 bank3        0000
__Lcinit                 cinit        07FC
__Lclrtext               clrtext      0000
__Lcode                  code         0000
__Lcommon                common       0000
__Lconfig                config       0000
__LcstackCOMMON          cstackCOMMON 0000
__Leeprom_data           eeprom_data  0000
__Lend_init              end_init     0000
__Lfunctab               functab      0000
__Lheap                  heap         0000
__Linit                  init         0000
__Lintentry              intentry     0000
__Lmaintext              maintext     0000
__Lpowerup               powerup      0000
__Lram                   ram          0000
__Lreset_vec             reset_vec    0000
__Lsfr0                  sfr0         0000
__Lsfr1                  sfr1         0000
__Lsfr2                  sfr2         0000
__Lsfr3                  sfr3         0000
__Lsivt                  sivt         0000
__Lspace_0               (abs)        0000
__Lspace_1               (abs)        0000
__Lspace_2               (abs)        0000
__Lspace_3               (abs)        0000
__Lspace_4               (abs)        0000
__Lstack                 stack        0000
__Lstrings               strings      0000
__Ltext                  text         0000
__S0                     (abs)        0800
__S1                     (abs)        007A
__S3                     (abs)        0000
___heap_hi               (abs)        0000
___heap_lo               (abs)        0000
___int_sp                stack        0000
___int_stack_hi          stack        0000
___int_stack_lo          stack        0000
___latbits               (abs)        0002
___sp                    stack        0000
___stack_hi              stack        0000
___stack_lo              stack        0000
___stackhi               (abs)        0000
___stacklo               (abs)        0000
__end_of_I2C_Master_Init text10       072B
__end_of_I2C_Start       text8        0708
__end_of_I2C_Stop        text7        0711
__end_of_I2C_Wait        text9        06FF
__end_of_I2C_Write_Byte  text6        071C
__end_of_LCD_Clear       text4        073C
__end_of_LCD_Init        text3        07C8
__end_of_LCD_Print       text2        075A
__end_of_LCD_SetCursor   text1        077A
__end_of_LCD_Write       text5        07A1
__end_of__initialization cinit        07FC
__end_of__stringtab      strings      0009
__end_of_main            maintext     07FC
__initialization         cinit        07FC
__pcstackCOMMON          cstackCOMMON 0070
__pmaintext              maintext     07C8
__pstrings               strings      0003
__ptext1                 text1        075A
__ptext10                text10       071C
__ptext2                 text2        073C
__ptext3                 text3        07A1
__ptext4                 text4        072B
__ptext5                 text5        077A
__ptext6                 text6        0711
__ptext7                 text7        0708
__ptext8                 text8        06FF
__ptext9                 text9        06F7
__stringbase             strings      0008
__stringtab              strings      0003
_main                    maintext     07C8
btemp                    (abs)        007E
btemp0                   (abs)        007E
btemp1                   (abs)        007F
end_of_initialization    cinit        07FC
intlevel0                functab      0000
intlevel1                functab      0000
intlevel2                functab      0000
intlevel3                functab      0000
intlevel4                functab      0000
intlevel5                functab      0000
ltemp0a                  (abs)        0080
reset_vec                reset_vec    0000
start                    init         0000
start_initialization     cinit        07FC
ttemp0a                  (abs)        007F
wtemp0                   (abs)        007E
wtemp0a                  (abs)        007F


MODULE INFORMATION

Module		Function		Class		Link	Load	Size
shared
		__stringtab    		STRING         	0003	0000	6
		__initialization		CODE           	07FC	0000	1

shared estimated size: 7

LCD_I2C.c
		_LCD_Init      		CODE           	07A1	0000	39
		_I2C_Master_Init		CODE           	071C	0000	15
		_LCD_SetCursor 		CODE           	075A	0000	32
		_I2C_Stop      		CODE           	0708	0000	9
		_I2C_Wait      		CODE           	06F7	0000	8
		_LCD_Clear     		CODE           	072B	0000	17
		_LCD_Print     		CODE           	073C	0000	30
		_I2C_Write_Byte		CODE           	0711	0000	11
		_LCD_Write     		CODE           	077A	0000	39
		_I2C_Start     		CODE           	06FF	0000	9

LCD_I2C.c estimated size: 209

main.c
		_main          		CODE           	07C8	0000	52

main.c estimated size: 52

